=================================================================
  mongos AI Assistant — Comprehensive Query Test
  Queries      : 134
  Wait between : 10s
  Estimated    : ~37 minutes
=================================================================

[INIT] Connecting to database and loading agent...
2026-05-04 09:31:19,766 | INFO | test_runner | Agent loaded successfully
[INIT] Fetching real sample values from DB for placeholders...
2026-05-04 09:31:19,787 | INFO | test_runner | Samples fetched: {'company_name': 'Startup Accelerator', 'contact_name': 'Creola', 'deal_name': 'Compliance Audit Services - Hansen, Kutch and Swift Solutions', 'deal_stage': 'Analysis - To be Quoted', 'invoice_number': 'ELSN/2025/4', 'user_name': 'Ketul Trivedi', 'product_name': 'JS Support Package - 40 Hours', 'region_name': 'USA', 'source_name': 'Organic/SEO'}
       company_name         → Startup Accelerator
       contact_name         → Creola
       deal_name            → Compliance Audit Services - Hansen, Kutch and Swift Solutions
       deal_stage           → Analysis - To be Quoted
       invoice_number       → ELSN/2025/4
       user_name            → Ketul Trivedi
       product_name         → JS Support Package - 40 Hours
       region_name          → USA
       source_name          → Organic/SEO

[RUN ] Started at 2026-05-04 09:31:19

[  1/134] LEADS           | Which leads have not been contacted in 7 days
         Running... 2026-05-04 09:31:19,794 | INFO | sql_chatbot | LLM fallback: Which leads have not been contacted in 7 days
✓ 18081ms | YES (55.0%)
         Waiting 10s...
[  2/134] LEADS           | List new leads from this week
         Running... 2026-05-04 09:31:47,880 | INFO | sql_chatbot | LLM fallback: List new leads from this week
✓ 13722ms | YES (55.0%)
         Waiting 10s...
[  3/134] LEADS           | List new leads this month
         Running... 2026-05-04 09:32:11,613 | INFO | sql_chatbot | LLM fallback: List new leads this month
✓ 12812ms | YES (55.0%)
         Waiting 10s...
[  4/134] LEADS           | New leads this week
         Running... 2026-05-04 09:32:34,435 | INFO | sql_chatbot | LLM fallback: New leads this week
✓ 15758ms | NO_DATA (70.0%)
         Waiting 10s...
[  5/134] LEADS           | New leads this month
         Running... 2026-05-04 09:33:00,204 | INFO | sql_chatbot | LLM fallback: New leads this month
✓ 16518ms | NO_DATA (70.0%)
         Waiting 10s...
[  6/134] LEADS           | What is the conversion rate from lead to customer
         Running... 2026-05-04 09:33:26,732 | INFO | sql_chatbot | LLM fallback: What is the conversion rate from lead to customer
✓ 16570ms | YES (55.0%)
         Waiting 10s...
[  7/134] LEADS           | Conversion rate from lead to customer
         Running... 2026-05-04 09:33:53,313 | INFO | sql_chatbot | LLM fallback: Conversion rate from lead to customer
✓ 16162ms | YES (55.0%)
         Waiting 10s...
[  8/134] LEADS           | Which customers have not given business in 3 months
         Running... 2026-05-04 09:34:19,486 | INFO | sql_chatbot | LLM fallback: Which customers have not given business in 3 months
✓ 16108ms | NO_DATA (70.0%)
         Waiting 10s...
[  9/134] LEADS           | Who is Ketul
         Running... 2026-05-04 09:34:45,604 | INFO | sql_chatbot | LLM fallback: Who is Ketul
✓ 7281ms | YES (55.0%)
         Waiting 10s...
[ 10/134] REVENUE         | Total revenue generated in FY2025
         Running... 2026-05-04 09:35:02,912 | INFO | sql_chatbot | Fast-path _fast_path_revenue | latency_ms=16.72
✓ 17ms | YES (97.0%)
         Waiting 10s...
[ 11/134] REVENUE         | Total revenue this financial year
         Running... 2026-05-04 09:35:12,927 | INFO | sql_chatbot | Fast-path _fast_path_revenue | latency_ms=4.13
✓ 4ms | YES (97.0%)
         Waiting 10s...
[ 12/134] REVENUE         | Total revenue of last month
         Running... 2026-05-04 09:35:22,949 | INFO | sql_chatbot | Fast-path _fast_path_revenue | latency_ms=11.15
✓ 11ms | YES (97.0%)
         Waiting 10s...
[ 13/134] REVENUE         | Show me total sales for last month
         Running... 2026-05-04 09:35:32,966 | INFO | sql_chatbot | Fast-path _fast_path_revenue | latency_ms=6.25
✓ 6ms | YES (97.0%)
         Waiting 10s...
[ 14/134] REVENUE         | Total sales for last month
         Running... 2026-05-04 09:35:42,983 | INFO | sql_chatbot | Fast-path _fast_path_revenue | latency_ms=6.1
✓ 6ms | YES (97.0%)
         Waiting 10s...
[ 15/134] REVENUE         | Total collection
         Running... 2026-05-04 09:35:52,997 | INFO | sql_chatbot | Fast-path _fast_path_revenue | latency_ms=3.86
✓ 4ms | YES (97.0%)
         Waiting 10s...
[ 16/134] REVENUE         | Give me last 3 months revenue
         Running... 2026-05-04 09:36:03,017 | INFO | sql_chatbot | Fast-path _fast_path_revenue | latency_ms=8.66
✓ 9ms | YES (97.0%)
         Waiting 10s...
[ 17/134] INVOICES        | Pending invoices
         Running... 2026-05-04 09:36:13,027 | INFO | sql_chatbot | LLM fallback: Pending invoices
✓ 15110ms | NO_DATA (70.0%)
         Waiting 10s...
[ 18/134] INVOICES        | Overdue payments
         Running... 2026-05-04 09:36:38,148 | INFO | sql_chatbot | LLM fallback: Overdue payments
✓ 17185ms | YES (55.0%)
         Waiting 10s...
[ 19/134] INVOICES        | Overdue invoice aging and outstanding amount by company
         Running... 2026-05-04 09:37:05,343 | INFO | sql_chatbot | LLM fallback: Overdue invoice aging and outstanding amount by company
✓ 18547ms | NO_DATA (70.0%)
         Waiting 10s...
[ 20/134] DEALS           | How many deals are there
         Running... 2026-05-04 09:37:33,903 | INFO | sql_chatbot | Fast-path _fast_path_count | latency_ms=3.85
✓ 4ms | YES (98.0%)
         Waiting 10s...
[ 21/134] DEALS           | Give me all deals
         Running... 2026-05-04 09:37:43,914 | INFO | sql_chatbot | LLM fallback: Give me all deals
✓ 28104ms | NO_DATA (70.0%)
         Waiting 10s...
[ 22/134] DEALS           | Give me closed won deals
         Running... 2026-05-04 09:38:22,037 | INFO | sql_chatbot | Fast-path _fast_path_deals_filter | latency_ms=9.28
✓ 9ms | YES (97.0%)
         Waiting 10s...
[ 23/134] DEALS           | Closed won deals
         Running... 2026-05-04 09:38:32,053 | INFO | sql_chatbot | Fast-path _fast_path_deals_filter | latency_ms=4.68
✓ 5ms | YES (97.0%)
         Waiting 10s...
[ 24/134] DEALS           | Which deals are stuck in the proposal stage
         Running... 2026-05-04 09:38:42,070 | INFO | sql_chatbot | Fast-path _fast_path_deals_filter | latency_ms=5.93
✓ 6ms | YES (97.0%)
         Waiting 10s...
[ 25/134] DEALS           | Opportunities lost in July
         Running... 2026-05-04 09:38:52,080 | INFO | sql_chatbot | Fast-path _fast_path_deals_filter | latency_ms=3.74
✓ 4ms | YES (90.0%)
         Waiting 10s...
[ 26/134] DEALS           | Lost deals last quarter
         Running... 2026-05-04 09:39:02,095 | INFO | sql_chatbot | Fast-path _fast_path_deals_filter | latency_ms=3.58
✓ 4ms | YES (90.0%)
         Waiting 10s...
[ 27/134] DEALS           | Sales pipeline by stage
         Running... 2026-05-04 09:39:12,145 | INFO | sql_chatbot | Fast-path _fast_path_group_by | latency_ms=40.16
✓ 40ms | YES (96.0%)
         Waiting 10s...
[ 28/134] DEALS           | Pipeline distribution by stage
         Running... 2026-05-04 09:39:22,160 | INFO | sql_chatbot | Fast-path _fast_path_group_by | latency_ms=4.22
✓ 4ms | YES (96.0%)
         Waiting 10s...
[ 29/134] ANALYTICS       | Top 10 customers by revenue
         Running... 2026-05-04 09:39:32,177 | INFO | sql_chatbot | Fast-path _fast_path_top_customers | latency_ms=6.57
✓ 7ms | YES (97.0%)
         Waiting 10s...
[ 30/134] ANALYTICS       | Show me the top 10 customers by revenue
         Running... 2026-05-04 09:39:42,198 | INFO | sql_chatbot | Fast-path _fast_path_top_customers | latency_ms=9.99
✓ 10ms | YES (97.0%)
         Waiting 10s...
[ 31/134] ANALYTICS       | Which sales rep closed the most deals this quarter
         Running... 2026-05-04 09:39:52,204 | INFO | sql_chatbot | LLM fallback: Which sales rep closed the most deals this quarter
✓ 17101ms | YES (55.0%)
         Waiting 10s...
[ 32/134] ANALYTICS       | Top performing sales owners in last 6 months with monthly trend
         Running... 2026-05-04 09:40:19,321 | INFO | sql_chatbot | Fast-path _fast_path_group_by | latency_ms=5.5
✓ 6ms | YES (96.0%)
         Waiting 10s...
[ 33/134] ANALYTICS       | Funnel performance and conversion to closed won by owner
         Running... 2026-05-04 09:40:29,336 | INFO | sql_chatbot | Fast-path _fast_path_group_by | latency_ms=3.96
✓ 4ms | YES (96.0%)
         Waiting 10s...
[ 34/134] ANALYTICS       | Best product and project type combinations by value avg deal size and win rate
         Running... 2026-05-04 09:40:39,350 | INFO | sql_chatbot | Fast-path _fast_path_group_by | latency_ms=3.85
✓ 4ms | YES (96.0%)
         Waiting 10s...
[ 35/134] ANALYTICS       | High activity companies with weak payment conversion
         Running... 2026-05-04 09:40:49,359 | INFO | sql_chatbot | LLM fallback: High activity companies with weak payment conversion
✓ 17389ms | YES (55.0%)
         Waiting 10s...
[ 36/134] TASKS           | What tasks are pending
         Running... 2026-05-04 09:41:16,764 | INFO | sql_chatbot | Fast-path _fast_path_tasks | latency_ms=6.59
✓ 7ms | YES (97.0%)
         Waiting 10s...
[ 37/134] TASKS           | Pending tasks
         Running... 2026-05-04 09:41:26,780 | INFO | sql_chatbot | Fast-path _fast_path_tasks | latency_ms=5.09
✓ 5ms | YES (97.0%)
         Waiting 10s...
[ 38/134] TASKS           | What tasks are pending for the sales team
         Running... 2026-05-04 09:41:36,795 | INFO | sql_chatbot | Fast-path _fast_path_tasks | latency_ms=4.7
✓ 5ms | YES (97.0%)
         Waiting 10s...
[ 39/134] TASKS           | What tasks are pending for the users
         Running... 2026-05-04 09:41:46,802 | INFO | sql_chatbot | Fast-path _fast_path_tasks | latency_ms=5.24
✓ 5ms | YES (97.0%)
         Waiting 10s...
[ 40/134] TASKS           | Any follow-ups overdue this week
         Running... 2026-05-04 09:41:56,817 | INFO | sql_chatbot | Fast-path _fast_path_tasks | latency_ms=4.42
✓ 4ms | YES (90.0%)
         Waiting 10s...
[ 41/134] CONTACTS        | Last 5 contacts details
         Running... 2026-05-04 09:42:06,827 | INFO | sql_chatbot | LLM fallback: Last 5 contacts details
✓ 17996ms | NO_DATA (70.0%)
         Waiting 10s...
[ 42/134] ORG             | How many departments
         Running... 2026-05-04 09:42:34,836 | INFO | sql_chatbot | Fast-path _fast_path_count | latency_ms=3.4
✓ 3ms | YES (98.0%)
         Waiting 10s...
[ 43/134] CRM_GENERAL     | Get details for this company Startup Accelerator
         Running... 2026-05-04 09:42:44,847 | INFO | sql_chatbot | LLM fallback: Get details for this company Startup Accelerator
✓ 21827ms | NO_DATA (70.0%)
         Waiting 10s...
[ 44/134] CRM_GENERAL     | Get details for this contact Creola
         Running... 2026-05-04 09:43:16,684 | INFO | sql_chatbot | LLM fallback: Get details for this contact Creola
✓ 16413ms | YES (55.0%)
         Waiting 10s...
[ 45/134] CRM_GENERAL     | Get details for this deal Compliance Audit Services - Hansen, Kutch and Swift Solutions
         Running... 2026-05-04 09:43:43,107 | INFO | sql_chatbot | LLM fallback: Get details for this deal Compliance Audit Services - Hansen, Kutch and Swift Solutions
✓ 17156ms | NO_DATA (70.0%)
         Waiting 10s...
[ 46/134] CRM_GENERAL     | Get details for this invoice ELSN/2025/4
         Running... 2026-05-04 09:44:10,274 | INFO | sql_chatbot | LLM fallback: Get details for this invoice ELSN/2025/4
✓ 18997ms | NO_DATA (70.0%)
         Waiting 10s...
[ 47/134] CRM_LINKED      | Get tasks linked to this company Startup Accelerator
         Running... 2026-05-04 09:44:39,288 | INFO | sql_chatbot | Fast-path _fast_path_tasks | latency_ms=7.22
✓ 7ms | YES (97.0%)
         Waiting 10s...
[ 48/134] CRM_LINKED      | Get contacts linked to this company Startup Accelerator
         Running... 2026-05-04 09:44:49,299 | INFO | sql_chatbot | LLM fallback: Get contacts linked to this company Startup Accelerator
✓ 20814ms | NO_DATA (70.0%)
         Waiting 10s...
[ 49/134] CRM_LINKED      | Get deals linked to this company Startup Accelerator
         Running... 2026-05-04 09:45:20,121 | INFO | sql_chatbot | LLM fallback: Get deals linked to this company Startup Accelerator
✓ 20041ms | NO_DATA (70.0%)
         Waiting 10s...
[ 50/134] CRM_LINKED      | Get invoices linked to this company Startup Accelerator
         Running... 2026-05-04 09:45:50,172 | INFO | sql_chatbot | LLM fallback: Get invoices linked to this company Startup Accelerator
✓ 16670ms | YES (55.0%)
         Waiting 10s...
[ 51/134] MEETINGS        | Get meetings for today
         Running... 2026-05-04 09:46:16,852 | INFO | sql_chatbot | LLM fallback: Get meetings for today
✓ 15863ms | NO_DATA (70.0%)
         Waiting 10s...
[ 52/134] MEETINGS        | Get upcoming meetings for this user Ketul Trivedi
         Running... 2026-05-04 09:46:42,721 | INFO | sql_chatbot | LLM fallback: Get upcoming meetings for this user Ketul Trivedi
✓ 16887ms | NO_DATA (70.0%)
         Waiting 10s...
[ 53/134] MEETINGS        | Get all open tasks for this user Ketul Trivedi
         Running... 2026-05-04 09:47:09,623 | INFO | sql_chatbot | Fast-path _fast_path_tasks | latency_ms=4.84
✓ 5ms | YES (97.0%)
         Waiting 10s...
[ 54/134] MEETINGS        | Get tasks due this week
         Running... 2026-05-04 09:47:19,640 | INFO | sql_chatbot | Fast-path _fast_path_tasks | latency_ms=5.91
✓ 6ms | YES (90.0%)
         Waiting 10s...
[ 55/134] CRM_DEALS       | Get deals in this stage Analysis - To be Quoted
         Running... 2026-05-04 09:47:29,657 | INFO | sql_chatbot | Fast-path _fast_path_deals_filter | latency_ms=7.37
✓ 7ms | YES (97.0%)
         Waiting 10s...
[ 56/134] CRM_DEALS       | Get deals closing this month
         Running... 2026-05-04 09:47:39,668 | INFO | sql_chatbot | LLM fallback: Get deals closing this month
✓ 16572ms | YES (55.0%)
         Waiting 10s...
[ 57/134] CRM_DEALS       | Get deals owned by this user Ketul Trivedi
         Running... 2026-05-04 09:48:06,251 | INFO | sql_chatbot | LLM fallback: Get deals owned by this user Ketul Trivedi
✓ 17971ms | YES (55.0%)
         Waiting 10s...
[ 58/134] CRM_INVOICES    | Get invoices due this week
         Running... 2026-05-04 09:48:34,233 | INFO | sql_chatbot | LLM fallback: Get invoices due this week
✓ 26123ms | YES (55.0%)
         Waiting 10s...
[ 59/134] CRM_INVOICES    | Get invoices with status Unpaid
         Running... 2026-05-04 09:49:10,370 | INFO | sql_chatbot | Fast-path _fast_path_group_by | latency_ms=4.11
✓ 4ms | YES (96.0%)
         Waiting 10s...
[ 60/134] CRM_INVOICES    | Get invoices with status Paid
         Running... 2026-05-04 09:49:20,385 | INFO | sql_chatbot | Fast-path _fast_path_group_by | latency_ms=4.12
✓ 4ms | YES (96.0%)
         Waiting 10s...
[ 61/134] CRM_INVOICES    | Get invoices with status Partial
         Running... 2026-05-04 09:49:30,398 | INFO | sql_chatbot | Fast-path _fast_path_group_by | latency_ms=3.96
✓ 4ms | YES (96.0%)
         Waiting 10s...
[ 62/134] SALES_ORDERS    | Get confirmed sales orders
         Running... 2026-05-04 09:49:40,405 | INFO | sql_chatbot | LLM fallback: Get confirmed sales orders
✓ 17929ms | NO_DATA (70.0%)
         Waiting 10s...
[ 63/134] SALES_ORDERS    | Get cancelled sales orders
         Running... 2026-05-04 09:50:08,344 | INFO | sql_chatbot | LLM fallback: Get cancelled sales orders
✓ 17655ms | NO_DATA (70.0%)
         Waiting 10s...
[ 64/134] SALES_ORDERS    | Get draft sales orders
         Running... 2026-05-04 09:50:36,009 | INFO | sql_chatbot | LLM fallback: Get draft sales orders
✓ 17056ms | NO_DATA (70.0%)
         Waiting 10s...
[ 65/134] SALES_ORDERS    | Get sales orders owned by Ketul Trivedi
         Running... 2026-05-04 09:51:03,075 | INFO | sql_chatbot | LLM fallback: Get sales orders owned by Ketul Trivedi
✓ 16602ms | YES (55.0%)
         Waiting 10s...
[ 66/134] SALES_ORDERS    | Get sales orders between 2025-01-01 and 2025-12-31
         Running... 2026-05-04 09:51:29,688 | INFO | sql_chatbot | LLM fallback: Get sales orders between 2025-01-01 and 2025-12-31
✓ 17069ms | NO_DATA (70.0%)
         Waiting 10s...
[ 67/134] SALES_ORDERS    | Get sales orders between amount 1000 and 50000
         Running... 2026-05-04 09:51:56,767 | INFO | sql_chatbot | LLM fallback: Get sales orders between amount 1000 and 50000
✓ 15528ms | YES (55.0%)
         Waiting 10s...
[ 68/134] FILTERS         | Get companies by region USA
         Running... 2026-05-04 09:52:22,309 | INFO | sql_chatbot | Fast-path _fast_path_group_by | latency_ms=4.56
✓ 5ms | YES (96.0%)
         Waiting 10s...
[ 69/134] FILTERS         | Get contacts by job title Manager
         Running... 2026-05-04 09:52:32,320 | INFO | sql_chatbot | LLM fallback: Get contacts by job title Manager
✓ 16365ms | NO_DATA (70.0%)
         Waiting 10s...
[ 70/134] FILTERS         | Get contacts created this month
         Running... 2026-05-04 09:52:58,695 | INFO | sql_chatbot | LLM fallback: Get contacts created this month
✓ 22608ms | NO_DATA (70.0%)
         Waiting 10s...
[ 71/134] REPORTS         | Get pipeline summary for last month
         Running... 2026-05-04 09:53:31,313 | INFO | sql_chatbot | LLM fallback: Get pipeline summary for last month
✓ 18806ms | YES (55.0%)
         Waiting 10s...
[ 72/134] REPORTS         | Get leads by source for this month
         Running... 2026-05-04 09:54:00,135 | INFO | sql_chatbot | Fast-path _fast_path_group_by | latency_ms=4.88
✓ 5ms | NO_DATA (70.0%)
         Waiting 10s...
[ 73/134] REPORTS         | Get deals by stage for this month
         Running... 2026-05-04 09:54:10,143 | INFO | sql_chatbot | Fast-path _fast_path_group_by | latency_ms=2.73
✓ 3ms | NO_DATA (70.0%)
         Waiting 10s...
[ 74/134] REPORTS         | Get revenue summary for last quarter
         Running... 2026-05-04 09:54:20,152 | INFO | sql_chatbot | Fast-path _fast_path_revenue | latency_ms=4.36
✓ 4ms | YES (97.0%)
         Waiting 10s...
[ 75/134] REPORTS         | Get regional performance for this year
         Running... 2026-05-04 09:54:30,167 | INFO | sql_chatbot | Fast-path _fast_path_group_by | latency_ms=3.82
✓ 4ms | YES (96.0%)
         Waiting 10s...
[ 76/134] REPORTS         | Get top products for last 6 months
         Running... 2026-05-04 09:54:40,177 | INFO | sql_chatbot | LLM fallback: Get top products for last 6 months
✓ 16913ms | YES (55.0%)
         Waiting 10s...
[ 77/134] REPORTS         | Get lost leads and reasons for last month
         Running... 2026-05-04 09:55:07,100 | INFO | sql_chatbot | LLM fallback: Get lost leads and reasons for last month
✓ 16224ms | YES (55.0%)
         Waiting 10s...
[ 78/134] TARGETS         | Get target vs achieved for all users
         Running... 2026-05-04 09:55:33,335 | INFO | sql_chatbot | LLM fallback: Get target vs achieved for all users
✓ 17940ms | NO_DATA (70.0%)
         Waiting 10s...
[ 79/134] TARGETS         | Get performance by user
         Running... 2026-05-04 09:56:01,286 | INFO | sql_chatbot | LLM fallback: Get performance by user
✓ 17740ms | NO_DATA (70.0%)
         Waiting 10s...
[ 80/134] TARGETS         | Get performance monthly
         Running... 2026-05-04 09:56:29,036 | INFO | sql_chatbot | LLM fallback: Get performance monthly
✓ 15987ms | YES (55.0%)
         Waiting 10s...
[ 81/134] TARGETS         | Get performance quarterly
         Running... 2026-05-04 09:56:55,034 | INFO | sql_chatbot | LLM fallback: Get performance quarterly
✓ 29379ms | YES (55.0%)
         Waiting 10s...
[ 82/134] OUTREACH        | Get interested leads for last 7 days
         Running... 2026-05-04 09:57:34,420 | INFO | sql_chatbot | LLM fallback: Get interested leads for last 7 days
✓ 19964ms | NO_DATA (70.0%)
         Waiting 10s...
[ 83/134] OUTREACH        | Get unique touches and total touches
         Running... 2026-05-04 09:58:04,394 | INFO | sql_chatbot | LLM fallback: Get unique touches and total touches
✓ 20642ms | NO_DATA (70.0%)
         Waiting 10s...
[ 84/134] OUTREACH        | Get outreach contacts by region USA
         Running... 2026-05-04 09:58:35,052 | INFO | sql_chatbot | Fast-path _fast_path_group_by | latency_ms=5.45
✓ 5ms | YES (96.0%)
         Waiting 10s...
[ 85/134] SYSTEM          | Get product details for JS Support Package - 40 Hours
         Running... 2026-05-04 09:58:45,063 | INFO | sql_chatbot | LLM fallback: Get product details for JS Support Package - 40 Hours
✓ 18155ms | NO_DATA (70.0%)
         Waiting 10s...
[ 86/134] SYSTEM          | Get all payment methods
         Running... 2026-05-04 09:59:13,223 | INFO | sql_chatbot | LLM fallback: Get all payment methods
✓ 13991ms | NO_DATA (70.0%)
         Waiting 10s...
[ 87/134] SYSTEM          | Get all industries
         Running... 2026-05-04 09:59:37,224 | INFO | sql_chatbot | LLM fallback: Get all industries
✓ 9828ms | YES (85.0%)
         Waiting 10s...
[ 88/134] SYSTEM          | Get all technologies
         Running... 2026-05-04 09:59:57,063 | INFO | sql_chatbot | LLM fallback: Get all technologies
✓ 10546ms | YES (85.0%)
         Waiting 10s...
[ 89/134] SYSTEM          | Get all sources
         Running... 2026-05-04 10:00:17,623 | INFO | sql_chatbot | Fast-path _fast_path_group_by | latency_ms=4.35
✓ 4ms | YES (96.0%)
         Waiting 10s...
[ 90/134] ACCOUNT         | Get account details for Startup Accelerator
         Running... 2026-05-04 10:00:27,635 | INFO | sql_chatbot | LLM fallback: Get account details for Startup Accelerator
✓ 18171ms | NO_DATA (70.0%)
         Waiting 10s...
[ 91/134] ACCOUNT         | Get account owner for Startup Accelerator
         Running... 2026-05-04 10:00:55,818 | INFO | sql_chatbot | Fast-path _fast_path_group_by | latency_ms=3.62
✓ 4ms | YES (96.0%)
         Waiting 10s...
[ 92/134] ACCOUNT         | Get phone number for Startup Accelerator
         Running... 2026-05-04 10:01:05,829 | INFO | sql_chatbot | LLM fallback: Get phone number for Startup Accelerator
✓ 18986ms | NO_DATA (70.0%)
         Waiting 10s...
[ 93/134] ACCOUNT         | Get email for Startup Accelerator
         Running... 2026-05-04 10:01:34,825 | INFO | sql_chatbot | LLM fallback: Get email for Startup Accelerator
✓ 15740ms | NO_DATA (70.0%)
         Waiting 10s...
[ 94/134] ACCOUNT         | Get account type for Startup Accelerator
         Running... 2026-05-04 10:02:00,579 | INFO | sql_chatbot | Fast-path _fast_path_group_by | latency_ms=4.27
✓ 4ms | YES (96.0%)
         Waiting 10s...
[ 95/134] ACCOUNT         | Get country for Startup Accelerator
         Running... 2026-05-04 10:02:10,594 | INFO | sql_chatbot | Fast-path _fast_path_group_by | latency_ms=4.59
✓ 5ms | YES (96.0%)
         Waiting 10s...
[ 96/134] ACCOUNT         | Get source for Startup Accelerator
         Running... 2026-05-04 10:02:20,608 | INFO | sql_chatbot | Fast-path _fast_path_group_by | latency_ms=3.45
✓ 3ms | YES (96.0%)
         Waiting 10s...
[ 97/134] ACCOUNT         | Get industry for Startup Accelerator
         Running... 2026-05-04 10:02:30,669 | INFO | sql_chatbot | LLM fallback: Get industry for Startup Accelerator
✓ 16267ms | NO_DATA (70.0%)
         Waiting 10s...
[ 98/134] ACCOUNT         | Get annual revenue for Startup Accelerator
         Running... 2026-05-04 10:02:56,950 | INFO | sql_chatbot | Fast-path _fast_path_revenue | latency_ms=4.22
✓ 4ms | YES (97.0%)
         Waiting 10s...
[ 99/134] ACCOUNT         | Get website for Startup Accelerator
         Running... 2026-05-04 10:03:06,960 | INFO | sql_chatbot | LLM fallback: Get website for Startup Accelerator
✓ 15065ms | NO_DATA (70.0%)
         Waiting 10s...
[100/134] ACCOUNT         | Get total deals value for Startup Accelerator
         Running... 2026-05-04 10:03:32,036 | INFO | sql_chatbot | LLM fallback: Get total deals value for Startup Accelerator
✓ 17447ms | YES (78.0%)
         Waiting 10s...
[101/134] ACCOUNT         | Get total invoices amount for Startup Accelerator
         Running... 2026-05-04 10:03:59,486 | INFO | sql_chatbot | LLM fallback: Get total invoices amount for Startup Accelerator
✓ 15456ms | NO_DATA (70.0%)
         Waiting 10s...
[102/134] ACCOUNT         | Get tasks for Startup Accelerator
         Running... 2026-05-04 10:04:24,957 | INFO | sql_chatbot | Fast-path _fast_path_tasks | latency_ms=4.74
✓ 5ms | YES (97.0%)
         Waiting 10s...
[103/134] ACCOUNT         | Get meeting history for Startup Accelerator
         Running... 2026-05-04 10:04:34,967 | INFO | sql_chatbot | LLM fallback: Get meeting history for Startup Accelerator
✓ 17131ms | NO_DATA (70.0%)
         Waiting 10s...
[104/134] DEALS_MOD       | Get all deals for Startup Accelerator
         Running... 2026-05-04 10:05:02,108 | INFO | sql_chatbot | LLM fallback: Get all deals for Startup Accelerator
✓ 15698ms | NO_DATA (70.0%)
         Waiting 10s...
[105/134] DEALS_MOD       | Get open deals for Startup Accelerator
         Running... 2026-05-04 10:05:27,817 | INFO | sql_chatbot | LLM fallback: Get open deals for Startup Accelerator
✓ 18301ms | YES (55.0%)
         Waiting 10s...
[106/134] DEALS_MOD       | Get deal stages for Startup Accelerator
         Running... 2026-05-04 10:05:56,132 | INFO | sql_chatbot | Fast-path _fast_path_group_by | latency_ms=3.64
✓ 4ms | YES (96.0%)
         Waiting 10s...
[107/134] DEALS_MOD       | Get total deal amount for Startup Accelerator
         Running... 2026-05-04 10:06:06,143 | INFO | sql_chatbot | LLM fallback: Get total deal amount for Startup Accelerator
✓ 17153ms | NO_DATA (70.0%)
         Waiting 10s...
[108/134] DEALS_MOD       | Get deals in Closed Won
         Running... 2026-05-04 10:06:33,311 | INFO | sql_chatbot | Fast-path _fast_path_deals_filter | latency_ms=4.59
✓ 5ms | YES (97.0%)
         Waiting 10s...
[109/134] DEALS_MOD       | Get deals in Closed Lost
         Running... 2026-05-04 10:06:43,326 | INFO | sql_chatbot | Fast-path _fast_path_deals_filter | latency_ms=5.89
✓ 6ms | YES (97.0%)
         Waiting 10s...
[110/134] DEALS_MOD       | Get highest value deal
         Running... 2026-05-04 10:06:53,337 | INFO | sql_chatbot | LLM fallback: Get highest value deal
✓ 15917ms | NO_DATA (70.0%)
         Waiting 10s...
[111/134] DEALS_MOD       | Get lowest value deal
         Running... 2026-05-04 10:07:19,265 | INFO | sql_chatbot | LLM fallback: Get lowest value deal
✓ 16163ms | YES (55.0%)
         Waiting 10s...
[112/134] DEALS_MOD       | Get overdue deals
         Running... 2026-05-04 10:07:45,446 | INFO | sql_chatbot | Fast-path _fast_path_deals_filter | latency_ms=8.17
✓ 8ms | YES (97.0%)
         Waiting 10s...
[113/134] DEALS_MOD       | Get upcoming closing deals
         Running... 2026-05-04 10:07:55,456 | INFO | sql_chatbot | LLM fallback: Get upcoming closing deals
✓ 15526ms | YES (55.0%)
         Waiting 10s...
[114/134] CONTACTS_MOD    | Get contact details for Creola
         Running... 2026-05-04 10:08:20,985 | INFO | sql_chatbot | LLM fallback: Get contact details for Creola
✓ 17326ms | NO_DATA (70.0%)
         Waiting 10s...
[115/134] CONTACTS_MOD    | Get contact email for Creola
         Running... 2026-05-04 10:08:48,321 | INFO | sql_chatbot | LLM fallback: Get contact email for Creola
✓ 19789ms | NO_DATA (70.0%)
         Waiting 10s...
[116/134] CONTACTS_MOD    | Get contact phone for Creola
         Running... 2026-05-04 10:09:18,120 | INFO | sql_chatbot | LLM fallback: Get contact phone for Creola
✓ 17506ms | NO_DATA (70.0%)
         Waiting 10s...
[117/134] CONTACTS_MOD    | Get contacts by owner
         Running... 2026-05-04 10:09:45,639 | INFO | sql_chatbot | Fast-path _fast_path_group_by | latency_ms=2.91
✓ 3ms | YES (96.0%)
         Waiting 10s...
[118/134] CONTACTS_MOD    | Get contacts by source
         Running... 2026-05-04 10:09:55,653 | INFO | sql_chatbot | Fast-path _fast_path_group_by | latency_ms=3.24
✓ 3ms | YES (96.0%)
         Waiting 10s...
[119/134] CONTACTS_MOD    | Get contacts by region
         Running... 2026-05-04 10:10:05,667 | INFO | sql_chatbot | Fast-path _fast_path_group_by | latency_ms=3.34
✓ 3ms | YES (96.0%)
         Waiting 10s...
[120/134] CONTACTS_MOD    | Get contacts by country
         Running... 2026-05-04 10:10:15,682 | INFO | sql_chatbot | Fast-path _fast_path_count | latency_ms=4.05
✓ 4ms | YES (98.0%)
         Waiting 10s...
[121/134] CONTACTS_MOD    | Get contacts by lead status
         Running... 2026-05-04 10:10:25,695 | INFO | sql_chatbot | Fast-path _fast_path_group_by | latency_ms=3.03
✓ 3ms | YES (96.0%)
         Waiting 10s...
[122/134] TASKS_MOD       | Get tasks owned by Ketul Trivedi
         Running... 2026-05-04 10:10:35,702 | INFO | sql_chatbot | Fast-path _fast_path_tasks | latency_ms=5.27
✓ 5ms | YES (97.0%)
         Waiting 10s...
[123/134] TASKS_MOD       | Get tasks with priority High
         Running... 2026-05-04 10:10:45,717 | INFO | sql_chatbot | Fast-path _fast_path_tasks | latency_ms=4.15
✓ 4ms | YES (97.0%)
         Waiting 10s...
[124/134] TASKS_MOD       | Get tasks with status Pending
         Running... 2026-05-04 10:10:55,725 | INFO | sql_chatbot | Fast-path _fast_path_tasks | latency_ms=6.45
✓ 6ms | YES (97.0%)
         Waiting 10s...
[125/134] TASKS_MOD       | Get overdue tasks
         Running... 2026-05-04 10:11:05,741 | INFO | sql_chatbot | Fast-path _fast_path_tasks | latency_ms=5.24
✓ 5ms | YES (97.0%)
         Waiting 10s...
[126/134] TASKS_MOD       | Get count of tasks by status
         Running... 2026-05-04 10:11:15,757 | INFO | sql_chatbot | Fast-path _fast_path_tasks | latency_ms=5.19
✓ 5ms | YES (97.0%)
         Waiting 10s...
[127/134] TASKS_MOD       | Get count of tasks by owner
         Running... 2026-05-04 10:11:25,773 | INFO | sql_chatbot | Fast-path _fast_path_tasks | latency_ms=5.18
✓ 5ms | YES (97.0%)
         Waiting 10s...
[128/134] INVOICE_MOD     | Get overdue invoices
         Running... 2026-05-04 10:11:35,784 | INFO | sql_chatbot | LLM fallback: Get overdue invoices
✓ 17275ms | YES (55.0%)
         Waiting 10s...
[129/134] INVOICE_MOD     | Get invoices due this week
         Running... 2026-05-04 10:12:03,070 | INFO | sql_chatbot | LLM fallback: Get invoices due this week
✓ 17530ms | NO_DATA (70.0%)
         Waiting 10s...
[130/134] INVOICE_MOD     | Get invoices pending payment
         Running... 2026-05-04 10:12:30,610 | INFO | sql_chatbot | LLM fallback: Get invoices pending payment
✓ 17063ms | NO_DATA (70.0%)
         Waiting 10s...
[131/134] INVOICE_MOD     | Get total invoiced amount
         Running... 2026-05-04 10:12:57,683 | INFO | sql_chatbot | LLM fallback: Get total invoiced amount
✓ 16203ms | NO_DATA (70.0%)
         Waiting 10s...
[132/134] INVOICE_MOD     | Get total remaining amount
         Running... 2026-05-04 10:13:23,891 | INFO | sql_chatbot | LLM fallback: Get total remaining amount
✓ 15584ms | YES (55.0%)
         Waiting 10s...
[133/134] INVOICE_MOD     | Get invoices above 10000
         Running... 2026-05-04 10:13:49,485 | INFO | sql_chatbot | LLM fallback: Get invoices above 10000
✓ 16681ms | NO_DATA (70.0%)
         Waiting 10s...
[134/134] INVOICE_MOD     | Get invoices below 1000
         Running... 2026-05-04 10:14:16,177 | INFO | sql_chatbot | LLM fallback: Get invoices below 1000
✓ 15852ms | NO_DATA (70.0%)

=================================================================
  TEST COMPLETE
=================================================================
  Total queries   : 134
  YES (accurate)  : 88
  NO_DATA (valid) : 46
  ERROR           : 0
  TOTAL ACCURACY  : 100.0%
  Avg latency     : 9410ms per query
  Results saved   : test_results_20260504_101432.csv
=================================================================
